../Core/Src/ApplicationCode.c:24:6:ApplicationInit	8	static
../Core/Src/ApplicationCode.c:45:6:LCD_Visual_Demo	8	static
../Core/Src/ApplicationCode.c:49:6:startScreen	8	static
../Core/Src/ApplicationCode.c:53:6:endScreen	8	static
../Core/Src/ApplicationCode.c:56:6:StartTime	8	static
../Core/Src/ApplicationCode.c:59:6:StopTime	8	static
../Core/Src/ApplicationCode.c:62:6:PrintTime	16	static
../Core/Src/ApplicationCode.c:65:6:PrintDown	8	static
../Core/Src/ApplicationCode.c:70:6:LCD_Touch_Polling_Demo	8	static
../Core/Src/ApplicationCode.c:91:6:LCDTouchScreenInterruptGPIOInit	32	static
../Core/Src/ApplicationCode.c:117:6:EXTI15_10_IRQHandler	16	static
