../Core/Src/LCD_Driver.c:33:6:LCD_GPIO_Init	56	static
../Core/Src/LCD_Driver.c:116:6:LTCD_Layer_Init	72	static
../Core/Src/LCD_Driver.c:143:6:clearScreen	8	static
../Core/Src/LCD_Driver.c:148:6:LTCD__Init	8	static
../Core/Src/LCD_Driver.c:207:6:LCD_Draw_Pixel	16	static
../Core/Src/LCD_Driver.c:217:6:LCD_Draw_Circle_Fill	32	static
../Core/Src/LCD_Driver.c:231:6:LCD_Draw_Vertical_Line	32	static
../Core/Src/LCD_Driver.c:238:6:LCD_Draw_Horizontal_Line	32	static
../Core/Src/LCD_Driver.c:245:6:LCD_Draw_Box	32	static
../Core/Src/LCD_Driver.c:252:6:LCD_Clear	24	static
../Core/Src/LCD_Driver.c:263:6:LCD_SetTextColor	16	static
../Core/Src/LCD_Driver.c:269:6:LCD_SetFont	16	static
../Core/Src/LCD_Driver.c:275:6:LCD_Draw_Char	24	static
../Core/Src/LCD_Driver.c:295:6:LCD_DisplayChar	16	static
../Core/Src/LCD_Driver.c:300:6:title_screen	8	static
../Core/Src/LCD_Driver.c:474:6:game_screen	16	static
../Core/Src/LCD_Driver.c:493:6:end_screen	8	static
../Core/Src/LCD_Driver.c:558:6:visualDemo	8	static
../Core/Src/LCD_Driver.c:615:6:LCD_Error_Handler	4	static,ignoring_inline_asm
../Core/Src/LCD_Driver.c:630:6:InitializeLCDTouch	8	static
../Core/Src/LCD_Driver.c:638:18:returnTouchStateAndLocation	16	static
../Core/Src/LCD_Driver.c:643:6:DetermineTouchPosition	16	static
../Core/Src/LCD_Driver.c:648:9:ReadRegisterFromTouchModule	16	static
../Core/Src/LCD_Driver.c:653:6:WriteDataToTouchModule	16	static
